// Jest Snapshot v1, https://goo.gl/fbAQLP

exports[`findClosestDpr should find the closest dpr 1`] = `
Object {
  "dpr": 1.8,
}
`;
