// Jest Snapshot v1, https://goo.gl/fbAQLP

exports[`imageLoader should update mount images state when applyImage is called 1`] = `undefined`;

exports[`imageLoader when preloadImage called should catch error failed 1`] = `[Error: ðŸ’© Fetch image failed with target {} and error message TypeError: Cannot read property 'unobserve' of undefined]`;
