// Jest Snapshot v1, https://goo.gl/fbAQLP

exports[`SimpleImageProvider should render correctly 1`] = `
<div>
  Test
</div>
`;

exports[`SimpleImageProvider when preloadImage called should catch error failed 1`] = `[Error: ðŸ’© Fetch image failed with target {} and error message TypeError: Cannot read property 'src' of undefined]`;
