// Jest Snapshot v1, https://goo.gl/fbAQLP

exports[`SimpleImg should apply aspect ratio when height and width is supplied 1`] = `
<div
  className="className"
  style={
    Object {
      "alignItems": "center",
      "display": "flex",
      "flexDirection": "column",
      "height": 1,
      "justifyContent": "center",
      "overflow": "hidden",
      "position": "relative",
      "visibility": "hidden",
    }
  }
>
  <img
    alt="alt"
    data-end-style="opacity:0;"
    data-src="src"
    data-srcset="srcSet"
    sizes="sizes"
    src="data:image/gif;base64,R0lGODlhAQABAAD/ACwAAAAAAQABAAACADs="
    srcSet=""
    style={
      Object {
        "visibility": "hidden",
        "width": "100%",
      }
    }
  />
  <div
    style={
      Object {
        "background": "white",
        "height": "100%",
        "left": 0,
        "position": "absolute",
        "top": 0,
        "transition": "1s all",
        "width": "100%",
      }
    }
  />
</div>
`;

exports[`SimpleImg should render background color 1`] = `
<div
  className="className"
  style={
    Object {
      "alignItems": "center",
      "display": "flex",
      "flexDirection": "column",
      "height": 1,
      "justifyContent": "center",
      "overflow": "hidden",
      "position": "relative",
      "visibility": "hidden",
    }
  }
>
  <img
    alt="alt"
    data-end-style="opacity:0;"
    data-src="src"
    data-srcset="srcSet"
    sizes="sizes"
    src="data:image/gif;base64,R0lGODlhAQABAAD/ACwAAAAAAQABAAACADs="
    srcSet=""
    style={
      Object {
        "visibility": "hidden",
        "width": "100%",
      }
    }
  />
  <div
    style={
      Object {
        "background": "red",
        "height": "100%",
        "left": 0,
        "position": "absolute",
        "top": 0,
        "transition": "1s all",
        "width": "100%",
      }
    }
  />
</div>
`;

exports[`SimpleImg should render correctly 1`] = `
<div
  className="className"
  style={
    Object {
      "alignItems": "center",
      "display": "flex",
      "flexDirection": "column",
      "height": 1,
      "justifyContent": "center",
      "overflow": "hidden",
      "position": "relative",
      "visibility": "hidden",
    }
  }
>
  <img
    alt="alt"
    data-end-style="opacity:0;"
    data-src="src"
    data-srcset="srcSet"
    sizes="sizes"
    src="data:image/gif;base64,R0lGODlhAQABAAD/ACwAAAAAAQABAAACADs="
    srcSet=""
    style={
      Object {
        "visibility": "hidden",
        "width": "100%",
      }
    }
  />
  <div
    style={
      Object {
        "background": "white",
        "height": "100%",
        "left": 0,
        "position": "absolute",
        "top": 0,
        "transition": "1s all",
        "width": "100%",
      }
    }
  />
</div>
`;

exports[`SimpleImg should render only span when place holder src is not supplied 1`] = `
<div
  className="className"
  style={
    Object {
      "alignItems": "center",
      "display": "flex",
      "flexDirection": "column",
      "height": 1,
      "justifyContent": "center",
      "overflow": "hidden",
      "position": "relative",
      "visibility": "hidden",
    }
  }
>
  <img
    alt="alt"
    data-end-style="opacity:0;"
    data-src="src"
    data-srcset="srcSet"
    sizes="sizes"
    src="data:image/gif;base64,R0lGODlhAQABAAD/ACwAAAAAAQABAAACADs="
    srcSet=""
    style={
      Object {
        "visibility": "hidden",
        "width": "100%",
      }
    }
  />
  <div
    style={
      Object {
        "background": "white",
        "height": "100%",
        "left": 0,
        "position": "absolute",
        "top": 0,
        "transition": "1s all",
        "width": "100%",
      }
    }
  />
</div>
`;

exports[`SimpleImg should render out as image data 1`] = `
<div
  className="className"
  style={
    Object {
      "alignItems": "center",
      "display": "flex",
      "flexDirection": "column",
      "height": 1,
      "justifyContent": "center",
      "overflow": "hidden",
      "position": "relative",
      "visibility": "hidden",
    }
  }
>
  <img
    alt="alt"
    data-end-style="opacity:0;"
    data-src="src"
    data-srcset="srcSet"
    sizes="sizes"
    src="data:image//test"
    srcSet=""
    style={
      Object {
        "width": "100%",
      }
    }
  />
  <img
    sizes="sizes"
    src="data:image//test"
    style={
      Object {
        "height": "100%",
        "left": 0,
        "position": "absolute",
        "top": 0,
        "transition": "1s all",
        "width": "100%",
      }
    }
  />
</div>
`;

exports[`SimpleImg should render out cached img 1`] = `
ShallowWrapper {
  Symbol(enzyme.__root__): [Circular],
  Symbol(enzyme.__unrendered__): <SimpleImg
    alt="alt"
    animationDuration={1}
    animationEndStyle={
      Object {
        "opacity": 0,
      }
    }
    className="className"
    importance="low"
    placeholder="white"
    sizes="sizes"
    src="src"
    srcSet="srcSet"
  />,
  Symbol(enzyme.__renderer__): Object {
    "batchedUpdates": [Function],
    "getNode": [Function],
    "render": [Function],
    "simulateError": [Function],
    "simulateEvent": [Function],
    "unmount": [Function],
  },
  Symbol(enzyme.__node__): Object {
    "instance": null,
    "key": undefined,
    "nodeType": "host",
    "props": Object {
      "children": <img
        alt="alt"
        sizes="sizes"
        src="src"
        srcSet="srcSet"
        style={
          Object {
            "width": "100%",
          }
        }
      />,
      "className": "className",
      "style": Object {
        "alignItems": "center",
        "display": "flex",
        "flexDirection": "column",
        "justifyContent": "center",
        "overflow": "hidden",
        "position": "relative",
      },
    },
    "ref": null,
    "rendered": Object {
      "instance": null,
      "key": undefined,
      "nodeType": "host",
      "props": Object {
        "alt": "alt",
        "sizes": "sizes",
        "src": "src",
        "srcSet": "srcSet",
        "style": Object {
          "width": "100%",
        },
      },
      "ref": null,
      "rendered": null,
      "type": "img",
    },
    "type": "div",
  },
  Symbol(enzyme.__nodes__): Array [
    Object {
      "instance": null,
      "key": undefined,
      "nodeType": "host",
      "props": Object {
        "children": <img
          alt="alt"
          sizes="sizes"
          src="src"
          srcSet="srcSet"
          style={
            Object {
              "width": "100%",
            }
          }
        />,
        "className": "className",
        "style": Object {
          "alignItems": "center",
          "display": "flex",
          "flexDirection": "column",
          "justifyContent": "center",
          "overflow": "hidden",
          "position": "relative",
        },
      },
      "ref": null,
      "rendered": Object {
        "instance": null,
        "key": undefined,
        "nodeType": "host",
        "props": Object {
          "alt": "alt",
          "sizes": "sizes",
          "src": "src",
          "srcSet": "srcSet",
          "style": Object {
            "width": "100%",
          },
        },
        "ref": null,
        "rendered": null,
        "type": "img",
      },
      "type": "div",
    },
  ],
  Symbol(enzyme.__options__): Object {
    "adapter": ReactSixteenAdapter {
      "options": Object {
        "enableComponentDidUpdateOnSetState": true,
        "lifecycles": Object {
          "componentDidUpdate": Object {
            "onSetState": true,
          },
          "getDerivedStateFromProps": true,
          "getSnapshotBeforeUpdate": true,
          "setState": Object {
            "skipsComponentDidUpdateOnNullish": true,
          },
        },
      },
    },
  },
}
`;

exports[`SimpleImg should render out placeholder as image 1`] = `
<div
  className="className"
  style={
    Object {
      "alignItems": "center",
      "display": "flex",
      "flexDirection": "column",
      "height": 1,
      "justifyContent": "center",
      "overflow": "hidden",
      "position": "relative",
      "visibility": "hidden",
    }
  }
>
  <img
    alt="alt"
    data-end-style="opacity:0;"
    data-src="src"
    data-srcset="srcSet"
    sizes="sizes"
    src="/test/image.jpg"
    srcSet=""
    style={
      Object {
        "width": "100%",
      }
    }
  />
  <img
    sizes="sizes"
    src="/test/image.jpg"
    style={
      Object {
        "height": "100%",
        "left": 0,
        "position": "absolute",
        "top": 0,
        "transition": "1s all",
        "width": "100%",
      }
    }
  />
</div>
`;
