// Jest Snapshot v1, https://goo.gl/fbAQLP

exports[`filterImgSrc should produce the correct image path 1`] = `"test"`;
